###############################################################################
#
# IAR ELF Linker V9.32.1.338/W64 for ARM                  14/Feb/2023  00:34:39
# Copyright 2007-2022 IAR Systems AB.
#
#    Output file  =
#        C:\Users\lenovo\Desktop\Tocchi\progetto1\Debug\Exe\test.out
#    Map file     =
#        C:\Users\lenovo\Desktop\Tocchi\progetto1\Debug\List\test.map
#    Command line =
#        -f C:\Users\lenovo\Desktop\Tocchi\progetto1\Debug\Exe\test.out.rsp
#        (C:\Users\lenovo\Desktop\Tocchi\progetto1\Debug\Obj\main.o
#        --no_out_extension -o
#        C:\Users\lenovo\Desktop\Tocchi\progetto1\Debug\Exe\test.out --redirect
#        _Printf=_PrintfFullNoMb --redirect _Scanf=_ScanfFullNoMb --map
#        C:\Users\lenovo\Desktop\Tocchi\progetto1\Debug\List\test.map --config
#        "C:\Program Files\IAR Systems\Embedded Workbench
#        9.1\arm/config/linker/ST/stm32f303xC.icf" --semihosting --entry
#        __iar_program_start --vfe --text_out locale --cpu=Cortex-M4
#        --fpu=VFPv4_sp)
#
###############################################################################

*******************************************************************************
*** RUNTIME MODEL ATTRIBUTES
***

CppFlavor       = *
__CPP_Runtime   = 1
__SystemLibrary = DLib
__dlib_version  = 6


*******************************************************************************
*** HEAP SELECTION
***

The basic heap was selected because --advanced_heap
was not specified and the application did not appear to
be primarily optimized for speed.


*******************************************************************************
*** PLACEMENT SUMMARY
***

"A0":  place at address 0x800'0000 { ro section .intvec };
"P1":  place in [from 0x800'0000 to 0x803'ffff] { ro };
define block CSTACK with size = 8K, alignment = 8 { };
define block HEAP with size = 8K, alignment = 8 { };
"P2":  place in [from 0x2000'0000 to 0x2000'9fff] {
          rw, block CSTACK, block HEAP };
initialize by copy { rw };

No sections matched the following patterns:

  section .ccmram  in "P3"


  Section            Kind         Address    Size  Object
  -------            ----         -------    ----  ------
"A0":                                        0x40
  .intvec            ro code   0x800'0000    0x40  vector_table_M.o [4]
                             - 0x800'0040    0x40

"P1":                                      0x2809
  .text              ro code   0x800'0040   0xeae  xprintffull_nomb.o [2]
  .text              ro code   0x800'0eee    0x3a  packbits_init_single.o [4]
  .text              ro code   0x800'0f28    0x16  strchr.o [4]
  .text              ro code   0x800'0f3e     0xa  xsprout.o [2]
  .text              ro code   0x800'0f48    0x40  xfail_s.o [2]
  .text              ro code   0x800'0f88    0x36  strlen.o [4]
  .text              ro code   0x800'0fbe     0x2  vectortrap_M.o [4]
  .text              ro code   0x800'0fc0    0x58  memchr.o [4]
  .text              ro code   0x800'1018    0x76  ABImemcpy_unaligned.o [4]
  .text              ro code   0x800'1090    0x70  frexp.o [3]
  .text              ro code   0x800'1100    0x34  DblCmpLe.o [3]
  .text              ro code   0x800'1134    0x34  DblCmpGe.o [3]
  .text              ro code   0x800'1168   0x13a  ldexp.o [3]
  .text              ro code   0x800'12a4    0x36  DblToS32.o [3]
  .text              ro code   0x800'12dc    0x22  S32ToDbl.o [3]
  .text              ro code   0x800'1300   0x25e  DblAddSub.o [3]
  .text              ro code   0x800'1560   0x246  DblDiv.o [3]
  .text              ro code   0x800'17a8    0x22  DblToU32.o [3]
  .text              ro code   0x800'17cc    0x1c  U32ToDbl.o [3]
  .text              ro code   0x800'17e8   0x1aa  DblMul.o [3]
  .text              ro code   0x800'1994   0x230  I64DivMod.o [4]
  .text              ro code   0x800'1bc4     0x6  abort.o [2]
  .text              ro code   0x800'1bcc     0x2  I64DivZer.o [4]
  .text              ro code   0x800'1bd0    0x14  exit.o [5]
  .text              ro code   0x800'1be4   0x428  cos_sin64.o [3]
  .text              ro code   0x800'200c   0x2ec  main.o [1]
  .text              ro code   0x800'22f8    0x40  sprintf.o [2]
  .text              ro code   0x800'2338    0x18  strcpy.o [4]
  .text              ro code   0x800'2350    0x2a  math_wrappers64.o [3]
  .text              ro code   0x800'237c   0x102  sqrt.o [3]
  .text              ro code   0x800'2480    0xd8  acos64.o [3]
  .text              ro code   0x800'2558   0x1d0  iar_Atan64.o [3]
  .text              ro code   0x800'2728    0x20  DblCmpEq.o [3]
  .rodata            const     0x800'2748    0x40  iar_Atan64.o [3]
  .text              ro code   0x800'2788    0x28  data_init.o [4]
  .text              ro code   0x800'27b0    0x22  fpinit_M.o [3]
  .iar.init_table    const     0x800'27d4    0x10  - Linker created -
  .text              ro code   0x800'27e4    0x1e  cmain.o [4]
  .text              ro code   0x800'2802     0x4  low_level_init.o [2]
  .text              ro code   0x800'2806     0x4  exit.o [2]
  .text              ro code   0x800'280c     0xa  cexit.o [4]
  .text              ro code   0x800'2818    0x1c  cstartup_M.o [4]
  .rodata            const     0x800'2834     0x0  packbits_init_single.o [4]
  Initializer bytes  const     0x800'2834    0x15  <for P2-1>
                             - 0x800'2849  0x2809

"P2", part 1 of 2:                           0x38
  P2-1                        0x2000'0000    0x38  <Init block>
    .data            inited   0x2000'0000    0x34  main.o [1]
    .bss             inited   0x2000'0034     0x4  xfail_s.o [2]
                            - 0x2000'0038    0x38

"P2", part 2 of 2:                         0x2000
  CSTACK                      0x2000'0038  0x2000  <Block>
    CSTACK           uninit   0x2000'0038  0x2000  <Block tail>
                            - 0x2000'2038  0x2000

Unused ranges:

         From           To      Size
         ----           --      ----
   0x800'2849   0x803'ffff  0x3'd7b7
  0x2000'2038  0x2000'9fff    0x7fc8


*******************************************************************************
*** INIT TABLE
***

          Address      Size
          -------      ----
Copy/packbits (__iar_packbits_init_single3)
    1 source range, total size 0x15 (37% of destination):
           0x800'2834  0x15
    1 destination range, total size 0x38:
          0x2000'0000  0x38



*******************************************************************************
*** MODULE SUMMARY
***

    Module                  ro code  ro data  rw data
    ------                  -------  -------  -------
command line/config:
    -------------------------------------------------
    Total:

C:\Users\lenovo\Desktop\Tocchi\progetto1\Debug\Obj: [1]
    main.o                      748       19       52
    -------------------------------------------------
    Total:                      748       19       52

dl7M_tln.a: [2]
    abort.o                       6
    exit.o                        4
    low_level_init.o              4
    sprintf.o                    64
    xfail_s.o                    64        2        4
    xprintffull_nomb.o        3'758
    xsprout.o                    10
    -------------------------------------------------
    Total:                    3'910        2        4

m7M_tls.a: [3]
    DblAddSub.o                 606
    DblCmpEq.o                   32
    DblCmpGe.o                   52
    DblCmpLe.o                   52
    DblDiv.o                    582
    DblMul.o                    426
    DblToS32.o                   54
    DblToU32.o                   34
    S32ToDbl.o                   34
    U32ToDbl.o                   28
    acos64.o                    216
    cos_sin64.o               1'064
    fpinit_M.o                   34
    frexp.o                     112
    iar_Atan64.o                464       64
    ldexp.o                     314
    math_wrappers64.o            42
    sqrt.o                      258
    -------------------------------------------------
    Total:                    4'404       64

rt7M_tl.a: [4]
    ABImemcpy_unaligned.o       118
    I64DivMod.o                 560
    I64DivZer.o                   2
    cexit.o                      10
    cmain.o                      30
    cstartup_M.o                 28
    data_init.o                  40
    memchr.o                     88
    packbits_init_single.o       58
    strchr.o                     22
    strcpy.o                     24
    strlen.o                     54
    vector_table_M.o             64
    vectortrap_M.o                2
    -------------------------------------------------
    Total:                    1'100

shb_l.a: [5]
    exit.o                       20
    -------------------------------------------------
    Total:                       20

    Gaps                         28        2
    Linker created                        16    8'192
-----------------------------------------------------
    Grand Total:             10'210      103    8'248


*******************************************************************************
*** ENTRY LIST
***

Entry                       Address   Size  Type      Object
-----                       -------   ----  ----      ------
.iar.init_table$$Base    0x800'27d4          --   Gb  - Linker created -
.iar.init_table$$Limit   0x800'27e4          --   Gb  - Linker created -
?main                    0x800'27e5         Code  Gb  cmain.o [4]
BusFault_Handler         0x800'0fbf         Code  Wk  vectortrap_M.o [4]
CSTACK$$Base            0x2000'0038          --   Gb  - Linker created -
CSTACK$$Limit           0x2000'2038          --   Gb  - Linker created -
DebugMon_Handler         0x800'0fbf         Code  Wk  vectortrap_M.o [4]
HardFault_Handler        0x800'0fbf         Code  Wk  vectortrap_M.o [4]
MemManage_Handler        0x800'0fbf         Code  Wk  vectortrap_M.o [4]
NMI_Handler              0x800'0fbf         Code  Wk  vectortrap_M.o [4]
PendSV_Handler           0x800'0fbf         Code  Wk  vectortrap_M.o [4]
Region$$Table$$Base      0x800'27d4          --   Gb  - Linker created -
Region$$Table$$Limit     0x800'27e4          --   Gb  - Linker created -
SVC_Handler              0x800'0fbf         Code  Wk  vectortrap_M.o [4]
SysTick_Handler          0x800'0fbf         Code  Wk  vectortrap_M.o [4]
UsageFault_Handler       0x800'0fbf         Code  Wk  vectortrap_M.o [4]
_LC                      0x800'0041    0x6  Code  Lc  xprintffull_nomb.o [2]
_LitobFullNoMb           0x800'0d0d  0x114  Code  Lc  xprintffull_nomb.o [2]
_PrintfFullNoMb          0x800'0047  0xc98  Code  Gb  xprintffull_nomb.o [2]
_PutcharsFullNoMb        0x800'0e79   0x2e  Code  Lc  xprintffull_nomb.o [2]
_SProut                  0x800'0f3f    0xa  Code  Gb  xsprout.o [2]
__aeabi_cdcmpeq          0x800'2729         Code  Gb  DblCmpEq.o [3]
__aeabi_cdcmple          0x800'1101         Code  Gb  DblCmpLe.o [3]
__aeabi_cdrcmple         0x800'1135         Code  Gb  DblCmpGe.o [3]
__aeabi_d2iz             0x800'12a5         Code  Gb  DblToS32.o [3]
__aeabi_d2uiz            0x800'17a9         Code  Gb  DblToU32.o [3]
__aeabi_dadd             0x800'1301         Code  Gb  DblAddSub.o [3]
__aeabi_ddiv             0x800'1561         Code  Gb  DblDiv.o [3]
__aeabi_dmul             0x800'17e9         Code  Gb  DblMul.o [3]
__aeabi_dsub             0x800'147d         Code  Gb  DblAddSub.o [3]
__aeabi_i2d              0x800'12dd         Code  Gb  S32ToDbl.o [3]
__aeabi_ldiv0            0x800'1bcd         Code  Gb  I64DivZer.o [4]
__aeabi_ui2d             0x800'17cd         Code  Gb  U32ToDbl.o [3]
__aeabi_uldivmod         0x800'1995         Code  Gb  I64DivMod.o [4]
__cmain                  0x800'27e5         Code  Gb  cmain.o [4]
__exit                   0x800'1bd1   0x14  Code  Gb  exit.o [5]
__iar_Atan64             0x800'2559  0x1d0  Code  Gb  iar_Atan64.o [3]
__iar_Fail_s             0x800'0f49   0x1c  Code  Gb  xfail_s.o [2]
__iar_Memchr             0x800'0fc1         Code  Gb  memchr.o [4]
__iar_Sin64              0x800'1be5  0x38e  Code  Lc  cos_sin64.o [3]
__iar_Strchr             0x800'0f29         Code  Gb  strchr.o [4]
__iar_acos64             0x800'2481   0xd8  Code  Gb  acos64.o [3]
__iar_cos64              0x800'2005    0x4  Code  Gb  cos_sin64.o [3]
__iar_cos_medium         0x800'2005    0x4  Code  Gb  cos_sin64.o [3]
__iar_cos_medium64       0x800'2005    0x4  Code  Gb  cos_sin64.o [3]
__iar_cos_mediuml        0x800'2005    0x4  Code  Gb  cos_sin64.o [3]
__iar_data_init3         0x800'2789   0x28  Code  Gb  data_init.o [4]
__iar_frexp              0x800'109d         Code  Gb  frexp.o [3]
__iar_frexpl             0x800'109d         Code  Gb  frexp.o [3]
__iar_init_vfp           0x800'27b1         Code  Gb  fpinit_M.o [3]
__iar_ldexp64            0x800'1169         Code  Gb  ldexp.o [3]
__iar_packbits_init_single3
                         0x800'0eef   0x3a  Code  Gb  packbits_init_single.o [4]
__iar_program_start      0x800'2819         Code  Gb  cstartup_M.o [4]
__iar_scalbln64          0x800'1169         Code  Gb  ldexp.o [3]
__iar_scalbn64           0x800'1169         Code  Gb  ldexp.o [3]
__iar_sin64              0x800'2009    0x4  Code  Gb  cos_sin64.o [3]
__iar_sin_medium         0x800'2009    0x4  Code  Gb  cos_sin64.o [3]
__iar_sin_medium64       0x800'2009    0x4  Code  Gb  cos_sin64.o [3]
__iar_sin_mediuml        0x800'2009    0x4  Code  Gb  cos_sin64.o [3]
__iar_softfp___iar_frexp64
                         0x800'1091         Code  Gb  frexp.o [3]
__iar_softfp_frexp       0x800'1091         Code  Gb  frexp.o [3]
__iar_softfp_frexpl      0x800'1091         Code  Gb  frexp.o [3]
__iar_sqrt64             0x800'238d         Code  Gb  sqrt.o [3]
__iar_unaligned_memcpy   0x800'1019         Code  Gb  ABImemcpy_unaligned.o [4]
__iar_unaligned_memcpy4
                         0x800'1039         Code  Gb  ABImemcpy_unaligned.o [4]
__iar_unaligned_memcpy8
                         0x800'1039         Code  Gb  ABImemcpy_unaligned.o [4]
__iar_vfp___iar_sqrt64   0x800'237d         Code  Gb  sqrt.o [3]
__iar_vfp_acos           0x800'2357    0xc  Code  Gb  math_wrappers64.o [3]
__iar_vfp_cos            0x800'2363    0xc  Code  Gb  math_wrappers64.o [3]
__iar_vfp_sin            0x800'236f    0xc  Code  Gb  math_wrappers64.o [3]
__iar_vfp_sqrt           0x800'237d         Code  Gb  sqrt.o [3]
__iar_vfp_sqrtl          0x800'237d         Code  Gb  sqrt.o [3]
__low_level_init         0x800'2803    0x4  Code  Gb  low_level_init.o [2]
__vector_table           0x800'0000         Data  Gb  vector_table_M.o [4]
_call_main               0x800'27f1         Code  Gb  cmain.o [4]
_exit                    0x800'280d         Code  Gb  cexit.o [4]
a                        0x800'2748   0x40  Data  Lc  iar_Atan64.o [3]
abort                    0x800'1bc5    0x6  Code  Gb  abort.o [2]
acos                     0x800'2481   0xd8  Code  Gb  acos64.o [3]
acosl                    0x800'2481   0xd8  Code  Gb  acos64.o [3]
balance                  0x800'2071  0x11c  Code  Gb  main.o [1]
cos                      0x800'2005    0x4  Code  Gb  cos_sin64.o [3]
cosl                     0x800'2005    0x4  Code  Gb  cos_sin64.o [3]
exit                     0x800'2807    0x4  Code  Gb  exit.o [2]
ldexp                    0x800'1169         Code  Gb  ldexp.o [3]
ldexpl                   0x800'1169         Code  Gb  ldexp.o [3]
main                     0x800'218d   0xfe  Code  Gb  main.o [1]
memchr                   0x800'0fc1         Code  Gb  memchr.o [4]
scalbln                  0x800'1169         Code  Gb  ldexp.o [3]
scalblnl                 0x800'1169         Code  Gb  ldexp.o [3]
scalbn                   0x800'1169         Code  Gb  ldexp.o [3]
scalbnl                  0x800'1169         Code  Gb  ldexp.o [3]
scale                    0x800'0e21   0x46  Code  Lc  xprintffull_nomb.o [2]
sec_hand                0x2000'0034    0x4  Data  Lc  xfail_s.o [2]
serialPrint              0x800'200d   0x10  Code  Gb  main.o [1]
serialPrintString        0x800'201d   0x1e  Code  Gb  main.o [1]
setServo                 0x800'203b   0x36  Code  Gb  main.o [1]
sin                      0x800'2009    0x4  Code  Gb  cos_sin64.o [3]
sinl                     0x800'2009    0x4  Code  Gb  cos_sin64.o [3]
sprintf                  0x800'22f9   0x40  Code  Gb  sprintf.o [2]
sqrt                     0x800'238d         Code  Gb  sqrt.o [3]
sqrtl                    0x800'238d         Code  Gb  sqrt.o [3]
strchr                   0x800'0f29         Code  Gb  strchr.o [4]
strcpy                   0x800'2339         Code  Gb  strcpy.o [4]
stringBuffer            0x2000'0000   0x34  Data  Gb  main.o [1]
strlen                   0x800'0f89         Code  Gb  strlen.o [4]


[1] = C:\Users\lenovo\Desktop\Tocchi\progetto1\Debug\Obj
[2] = dl7M_tln.a
[3] = m7M_tls.a
[4] = rt7M_tl.a
[5] = shb_l.a

  10'210 bytes of readonly  code memory
     103 bytes of readonly  data memory
   8'248 bytes of readwrite data memory

Errors: none
Warnings: none
